// Jest Snapshot v1, https://goo.gl/fbAQLP

exports[`pruebas en GifGridItem debe hacer match con snapshot 1`] = `
<div>
  <div
    class="card"
  >
    <img
      alt="hola"
      src="https://hola.com/"
    />
    <p>
      hola
    </p>
  </div>
</div>
`;
